**
(open_questions_report.tex
LaTeX2e <2021-11-15> patch level 1
L3 programming layer <2022-02-24> (article.cls
Document Class: article 2021/10/04 v1.4n Standard LaTeX document class
(size11.clo
File: size11.clo 2021/10/04 v1.4n Standard LaTeX file (size option)
)
\c@part=\count181
\c@section=\count182
\c@subsection=\count183
\c@subsubsection=\count184
\c@paragraph=\count185
\c@subparagraph=\count186
\c@figure=\count187
\c@table=\count188
\abovecaptionskip=\skip47
\belowcaptionskip=\skip48
\bibindent=\dimen138
) (geometry.sty
Package: geometry 2020/01/02 v5.9 Page Geometry
 (keyval.sty
Package: keyval 2014/10/28 v1.15 key=value parser (DPC)
\KV@toks@=\toks16
) (ifvtex.sty
Package: ifvtex 2019/10/25 v1.7 ifvtex legacy package. Use iftex instead.
 (iftex.sty
Package: iftex 2022/02/03 v1.0f TeX engine tests
))
\Gm@cnth=\count189
\Gm@cntv=\count190
\c@Gm@tempcnt=\count191
\Gm@bindingoffset=\dimen139
\Gm@wd@mp=\dimen140
\Gm@odd@mp=\dimen141
\Gm@even@mp=\dimen142
\Gm@layoutwidth=\dimen143
\Gm@layoutheight=\dimen144
\Gm@layouthoffset=\dimen145
\Gm@layoutvoffset=\dimen146
\Gm@dimlist=\toks17
)
(booktabs.sty
Package: booktabs 2020/01/12 v1.61803398 Publication quality tables
\heavyrulewidth=\dimen147
\lightrulewidth=\dimen148
\cmidrulewidth=\dimen149
\belowrulesep=\dimen150
\belowbottomsep=\dimen151
\aboverulesep=\dimen152
\abovetopsep=\dimen153
\cmidrulesep=\dimen154
\cmidrulekern=\dimen155
\defaultaddspace=\dimen156
\@cmidla=\count192
\@cmidlb=\count193
\@aboverulesep=\dimen157
\@belowrulesep=\dimen158
\@thisruleclass=\count194
\@lastruleclass=\count195
\@thisrulewidth=\dimen159
) (longtable.sty
Package: longtable 2021-09-01 v4.17 Multi-page Table package (DPC)
\LTleft=\skip49
\LTright=\skip50
\LTpre=\skip51
\LTpost=\skip52
\LTchunksize=\count196
\LTcapwidth=\dimen160
\LT@head=\box50
\LT@firsthead=\box51
\LT@foot=\box52
\LT@lastfoot=\box53
\LT@gbox=\box54
\LT@cols=\count197
\LT@rows=\count198
\c@LT@tables=\count199
\c@LT@chunks=\count266
\LT@p@ftn=\toks18
) (xcolor.sty
Package: xcolor 2021/10/31 v2.13 LaTeX color extensions (UK)
 (color.cfg
File: color.cfg 2016/01/02 v1.6 sample color configuration
)
Package xcolor Info: Driver file: xetex.def on input line 227.
 (xetex.def
File: xetex.def 2021/03/18 v5.0k Graphics/color driver for xetex
)
Package xcolor Info: Model `cmy' substituted by `cmy0' on input line 1352.
Package xcolor Info: Model `RGB' extended on input line 1368.
Package xcolor Info: Model `HTML' substituted by `rgb' on input line 1370.
Package xcolor Info: Model `Hsb' substituted by `hsb' on input line 1371.
Package xcolor Info: Model `tHsb' substituted by `hsb' on input line 1372.
Package xcolor Info: Model `HSB' substituted by `hsb' on input line 1373.
Package xcolor Info: Model `Gray' substituted by `gray' on input line 1374.
Package xcolor Info: Model `wave' substituted by `hsb' on input line 1375.
)
(amsmath.sty
Package: amsmath 2021/10/15 v2.17l AMS math features
\@mathmargin=\skip53

For additional information on amsmath, use the `?' option.
(amstext.sty
Package: amstext 2021/08/26 v2.01 AMS text
 (amsgen.sty
File: amsgen.sty 1999/11/30 v2.0 generic functions
\@emptytoks=\toks19
\ex@=\dimen161
)) (amsbsy.sty
Package: amsbsy 1999/11/29 v1.2d Bold Symbols
\pmbraise@=\dimen162
) (amsopn.sty
Package: amsopn 2021/08/26 v2.02 operator names
)
\inf@bad=\count267
LaTeX Info: Redefining \frac on input line 234.
\uproot@=\count268
\leftroot@=\count269
LaTeX Info: Redefining \overline on input line 399.
\classnum@=\count270
\DOTSCASE@=\count271
LaTeX Info: Redefining \ldots on input line 496.
LaTeX Info: Redefining \dots on input line 499.
LaTeX Info: Redefining \cdots on input line 620.
\Mathstrutbox@=\box55
\strutbox@=\box56
\big@size=\dimen163
LaTeX Font Info:    Redeclaring font encoding OML on input line 743.
LaTeX Font Info:    Redeclaring font encoding OMS on input line 744.
\macc@depth=\count272
\c@MaxMatrixCols=\count273
\dotsspace@=\muskip16
\c@parentequation=\count274
\dspbrk@lvl=\count275
\tag@help=\toks20
\row@=\count276
\column@=\count277
\maxfields@=\count278
\andhelp@=\toks21
\eqnshift@=\dimen164
\alignsep@=\dimen165
\tagshift@=\dimen166
\tagwidth@=\dimen167
\totwidth@=\dimen168
\lineht@=\dimen169
\@envbody=\toks22
\multlinegap=\skip54
\multlinetaggap=\skip55
\mathdisplay@stack=\toks23
LaTeX Info: Redefining \[ on input line 2938.
LaTeX Info: Redefining \] on input line 2939.
) (hyperref.sty
Package: hyperref 2022-02-21 v7.00n Hypertext links for LaTeX

(ltxcmds.sty
Package: ltxcmds 2020-05-10 v1.25 LaTeX kernel commands for general use (HO)
) (pdftexcmds.sty
Package: pdftexcmds 2020-06-27 v0.33 Utility functions of pdfTeX for LuaTeX (HO
)
 (infwarerr.sty
Package: infwarerr 2019/12/03 v1.5 Providing info/warning/error messages (HO)
)
Package pdftexcmds Info: \pdf@primitive is available.
Package pdftexcmds Info: \pdf@ifprimitive is available.
Package pdftexcmds Info: \pdfdraftmode not found.
) (kvsetkeys.sty
Package: kvsetkeys 2019/12/15 v1.18 Key value parser (HO)
)
(kvdefinekeys.sty
Package: kvdefinekeys 2019-12-19 v1.6 Define keys (HO)
) (pdfescape.sty
Package: pdfescape 2019/12/09 v1.15 Implements pdfTeX's escape features (HO)
) (hycolor.sty
Package: hycolor 2020-01-27 v1.10 Color options for hyperref/bookmark (HO)
) (letltxmacro.sty
Package: letltxmacro 2019/12/03 v1.6 Let assignment for LaTeX macros (HO)
) (auxhook.sty
Package: auxhook 2019-12-17 v1.6 Hooks for auxiliary files (HO)
) (kvoptions.sty
Package: kvoptions 2020-10-07 v3.14 Key value format for package options (HO)
)
\@linkdim=\dimen170
\Hy@linkcounter=\count279
\Hy@pagecounter=\count280
 (pd1enc.def
File: pd1enc.def 2022-02-21 v7.00n Hyperref: PDFDocEncoding definition (HO)
) (intcalc.sty
Package: intcalc 2019/12/15 v1.3 Expandable calculations with integers (HO)
) (etexcmds.sty
Package: etexcmds 2019/12/15 v1.7 Avoid name clashes with e-TeX commands (HO)
)
\Hy@SavedSpaceFactor=\count281
 (puenc.def
File: puenc.def 2022-02-21 v7.00n Hyperref: PDF Unicode definition (HO)
)
Package hyperref Info: Hyper figures OFF on input line 4137.
Package hyperref Info: Link nesting OFF on input line 4142.
Package hyperref Info: Hyper index ON on input line 4145.
Package hyperref Info: Plain pages OFF on input line 4152.
Package hyperref Info: Backreferencing OFF on input line 4157.
Package hyperref Info: Implicit mode ON; LaTeX internals redefined.
Package hyperref Info: Bookmarks ON on input line 4390.
\c@Hy@tempcnt=\count282

(url.sty
\Urlmuskip=\muskip17
Package: url 2013/09/16  ver 3.4  Verb mode for urls, etc.
)
LaTeX Info: Redefining \url on input line 4749.
\XeTeXLinkMargin=\dimen171
 (bitset.sty
Package: bitset 2019/12/09 v1.3 Handle bit-vector datatype (HO)
 (bigintcalc.sty
Package: bigintcalc 2019/12/15 v1.5 Expandable calculations on big integers (HO
)
))
\Fld@menulength=\count283
\Field@Width=\dimen172
\Fld@charsize=\dimen173
Package hyperref Info: Hyper figures OFF on input line 6027.
Package hyperref Info: Link nesting OFF on input line 6032.
Package hyperref Info: Hyper index ON on input line 6035.
Package hyperref Info: backreferencing OFF on input line 6042.
Package hyperref Info: Link coloring OFF on input line 6047.
Package hyperref Info: Link coloring with OCG OFF on input line 6052.
Package hyperref Info: PDF/A mode OFF on input line 6057.
LaTeX Info: Redefining \ref on input line 6097.
LaTeX Info: Redefining \pageref on input line 6101.
 (atbegshi-ltx.sty
Package: atbegshi-ltx 2021/01/10 v1.0c Emulation of the original atbegshi
package with kernel methods
)
\Hy@abspage=\count284
\c@Item=\count285
\c@Hfootnote=\count286
)
Package hyperref Info: Driver (autodetected): hxetex.
 (hxetex.def
File: hxetex.def 2022-02-21 v7.00n Hyperref driver for XeTeX

(stringenc.sty
Package: stringenc 2019/11/29 v1.12 Convert strings between diff. encodings (HO
)
)
\pdfm@box=\box57
\c@Hy@AnnotLevel=\count287
\HyField@AnnotCount=\count288
\Fld@listcount=\count289
\c@bookmark@seq@number=\count290
 (rerunfilecheck.sty
Package: rerunfilecheck 2019/12/05 v1.9 Rerun checks for auxiliary files (HO)
 (atveryend-ltx.sty
Package: atveryend-ltx 2020/08/19 v1.0a Emulation of the original atveryend pac
kage
with kernel methods
) (uniquecounter.sty
Package: uniquecounter 2019/12/15 v1.4 Provide unlimited unique counter (HO)
)
Package uniquecounter Info: New unique counter `rerunfilecheck' on input line 2
86.
)
\Hy@SectionHShift=\skip56
)
(l3backend-xetex.def
File: l3backend-xetex.def 2022-02-07 L3 backend support: XeTeX
\c__kernel_sys_dvipdfmx_version_int=\count291
\l__color_backend_stack_int=\count292
\g__color_backend_stack_int=\count293
\g__graphics_track_int=\count294
\l__pdf_internal_box=\box58
\g__pdf_backend_object_int=\count295
\g__pdf_backend_annotation_int=\count296
\g__pdf_backend_link_int=\count297
) (open_questions_report.aux)
\openout1 = `open_questions_report.aux'.

LaTeX Font Info:    Checking defaults for OML/cmm/m/it on input line 20.
LaTeX Font Info:    ... okay on input line 20.
LaTeX Font Info:    Checking defaults for OMS/cmsy/m/n on input line 20.
LaTeX Font Info:    ... okay on input line 20.
LaTeX Font Info:    Checking defaults for OT1/cmr/m/n on input line 20.
LaTeX Font Info:    ... okay on input line 20.
LaTeX Font Info:    Checking defaults for T1/cmr/m/n on input line 20.
LaTeX Font Info:    ... okay on input line 20.
LaTeX Font Info:    Checking defaults for TS1/cmr/m/n on input line 20.
LaTeX Font Info:    Trying to load font information for TS1+cmr on input line 2
0.
 (ts1cmr.fd
File: ts1cmr.fd 2019/12/16 v2.5j Standard LaTeX font definitions
)
LaTeX Font Info:    ... okay on input line 20.
LaTeX Font Info:    Checking defaults for TU/lmr/m/n on input line 20.
LaTeX Font Info:    ... okay on input line 20.
LaTeX Font Info:    Checking defaults for OMX/cmex/m/n on input line 20.
LaTeX Font Info:    ... okay on input line 20.
LaTeX Font Info:    Checking defaults for U/cmr/m/n on input line 20.
LaTeX Font Info:    ... okay on input line 20.
LaTeX Font Info:    Checking defaults for PD1/pdf/m/n on input line 20.
LaTeX Font Info:    ... okay on input line 20.
LaTeX Font Info:    Checking defaults for PU/pdf/m/n on input line 20.
LaTeX Font Info:    ... okay on input line 20.

*geometry* driver: auto-detecting
*geometry* detected driver: xetex
*geometry* verbose mode - [ preamble ] result:
* driver: xetex
* paper: <default>
* layout: <same size as paper>
* layoutoffset:(h,v)=(0.0pt,0.0pt)
* modes: 
* h-part:(L,W,R)=(72.26999pt, 469.75502pt, 72.26999pt)
* v-part:(T,H,B)=(72.26999pt, 650.43001pt, 72.26999pt)
* \paperwidth=614.295pt
* \paperheight=794.96999pt
* \textwidth=469.75502pt
* \textheight=650.43001pt
* \oddsidemargin=0.0pt
* \evensidemargin=0.0pt
* \topmargin=-37.0pt
* \headheight=12.0pt
* \headsep=25.0pt
* \topskip=11.0pt
* \footskip=30.0pt
* \marginparwidth=59.0pt
* \marginparsep=10.0pt
* \columnsep=10.0pt
* \skip\footins=10.0pt plus 4.0pt minus 2.0pt
* \hoffset=0.0pt
* \voffset=0.0pt
* \mag=1000
* \@twocolumnfalse
* \@twosidefalse
* \@mparswitchfalse
* \@reversemarginfalse
* (1in=72.27pt=25.4mm, 1cm=28.453pt)

Package hyperref Info: Link coloring OFF on input line 20.
(nameref.sty
Package: nameref 2021-04-02 v2.47 Cross-referencing by name of section
 (refcount.sty
Package: refcount 2019/12/15 v3.6 Data extraction from label references (HO)
) (gettitlestring.sty
Package: gettitlestring 2019/12/15 v1.6 Cleanup title references (HO)
)
\c@section@level=\count298
)
LaTeX Info: Redefining \ref on input line 20.
LaTeX Info: Redefining \pageref on input line 20.
LaTeX Info: Redefining \nameref on input line 20.
 (open_questions_report.out)
(open_questions_report.out)
\@outlinefile=\write3
\openout3 = `open_questions_report.out'.


Overfull \hbox (167.88503pt too wide) in paragraph at lines 24--25
[]\TU/lmr/m/n/10 We resolve three open anatomical questions left by the figure-
ground circuit report (VCH$\OMS/cmsy/m/n/10 !$\TU/lmr/m/n/10 T4/T5$\OMS/cmsy/m/
n/10 !$\TU/lmr/m/n/10 LLPC1$\OMS/cmsy/m/n/10 !$\TU/lmr/m/n/10 Nod1$\OMS/cmsy/m/
n/10 !$\TU/lmr/m/n/10 DNp26$\OMS/cmsy/m/n/10 !$\TU/lmr/m/n/10 wing-
 []


Overfull \hbox (10.765pt too wide) in paragraph at lines 24--25
\TU/lmr/m/n/10 animal closure: CONFIRMED; bilateral generalization: CONFIRMED, 
UNVERIFIABLE; escape-
 []


Overfull \hbox (4.8977pt too wide) in paragraph at lines 27--27
[]\TU/lmr/bx/n/14.4 Q1 – Single-Animal Closure of the LLPC1$\OMS/cmsy/m/n/14.4 
!$\TU/lmr/bx/n/14.4 Nod1$\OMS/cmsy/m/n/14.4 !$\TU/lmr/bx/n/14.4 DNp26 Read-
 []


Package hyperref Warning: Token not allowed in a PDF string (Unicode):
(hyperref)                removing `math shift' on input line 27.


Package hyperref Warning: Token not allowed in a PDF string (Unicode):
(hyperref)                removing `\rightarrow' on input line 27.


Package hyperref Warning: Token not allowed in a PDF string (Unicode):
(hyperref)                removing `math shift' on input line 27.


Package hyperref Warning: Token not allowed in a PDF string (Unicode):
(hyperref)                removing `math shift' on input line 27.


Package hyperref Warning: Token not allowed in a PDF string (Unicode):
(hyperref)                removing `\rightarrow' on input line 27.


Package hyperref Warning: Token not allowed in a PDF string (Unicode):
(hyperref)                removing `math shift' on input line 27.


Overfull \hbox (69.2356pt too wide) in paragraph at lines 33--34
\TU/lmr/m/n/10.95 Both connectome layers are queried offline from the MCNS v1.0
 public bulk feathers (\TU/lmtt/m/n/10.95 body-annotations.feather\TU/lmr/m/n/1
0.95 ,
 []


Underfull \hbox (badness 10000) in paragraph at lines 43--44
[]|\TU/lmr/m/n/10.95 llpc1_to_nod1_syn=10871, llpc1_contacting_nod1=272,
 []


Underfull \hbox (badness 10000) in paragraph at lines 44--45
[]|\TU/lmr/m/n/10.95 nod1_rank=2, nod1_syn=10871, n_target_types=673,
 []

[1

]
Overfull \hbox (147.14148pt too wide) in alignment at lines 53--57
 [] [] [] [] [] [] 
 []


Underfull \hbox (badness 4608) in paragraph at lines 58--58
[]|\TU/lmr/m/n/10.95 LLPC1 present in MCNS
 []


Underfull \hbox (badness 5274) in paragraph at lines 60--60
[]|\TU/lmr/m/n/10.95 DNp26 present in MCNS
 []


Underfull \hbox (badness 3460) in paragraph at lines 61--61
[]|\TU/lmr/m/n/10.95 LLPC1 -> Nod1 synaptic
 []


Underfull \hbox (badness 4013) in paragraph at lines 62--62
[]|\TU/lmr/m/n/10.95 Nod1 -> DNp26 synaptic
 []


Underfull \hbox (badness 1590) in paragraph at lines 64--64
[]|\TU/lmr/m/n/10.95 Fraction of LLPC1->Nod1-
 []


Underfull \hbox (badness 4467) in paragraph at lines 64--64
\TU/lmr/m/n/10.95 >DNp26 chain reproduced
 []


Overfull \hbox (147.14148pt too wide) in alignment at lines 57--66
 [] [] [] [] [] [] 
 []

[2]
Underfull \hbox (badness 10000) in paragraph at lines 83--84
[]|\TU/lmr/m/n/10.95 sheet_side=right, gating_soma_side=left, gat-
 []


Underfull \hbox (badness 10000) in paragraph at lines 84--85
[]|\TU/lmr/m/n/10.95 sheet_side=left, gating_soma_side=right, gat-
 []


Overfull \hbox (112.22191pt too wide) in alignment at lines 91--95
 [] [] [] [] [] [] 
 []


Underfull \hbox (badness 10000) in paragraph at lines 96--96
[]|\TU/lmr/m/n/10.95 RIGHT sheet reciprocal
 []


Underfull \hbox (badness 1308) in paragraph at lines 99--99
[]|\TU/lmr/m/n/10.95 LEFT sheet: VCH (right-
 []


Underfull \hbox (badness 1097) in paragraph at lines 99--99
\TU/lmr/m/n/10.95 soma) presynaptically gates
 []


Underfull \hbox (badness 1248) in paragraph at lines 100--100
\TU/lmr/m/n/10.95 the readout (rank parallels
 []


Overfull \hbox (112.22191pt too wide) in alignment at lines 95--104
 [] [] [] [] [] [] 
 []

[3]
Underfull \hbox (badness 10000) in paragraph at lines 121--122
[]|\TU/lmr/m/n/10.95 n_lplc2=210, n_lc4=104, n_dn_types=28, com-
 []


Underfull \hbox (badness 10000) in paragraph at lines 122--123
[]|\TU/lmr/m/n/10.95 escape_dns_in_mcns=[’DNa07’, ’DNae007’, ’DNb05’,
 []


Underfull \hbox (badness 10000) in paragraph at lines 123--124
[]|\TU/lmr/m/n/10.95 dn_overlap=[], dn_separable=True, muscle_overlap=[],
 []


Overfull \hbox (210.82666pt too wide) in alignment at lines 130--134
 [] [] [] [] [] [] 
 []


Underfull \hbox (badness 10000) in paragraph at lines 135--135
[]|\TU/lmr/m/n/10.95 Escape-route DN census
 []


Underfull \hbox (badness 5475) in paragraph at lines 136--136
[]|\TU/lmr/m/n/10.95 Looming command cluster
 []


Underfull \hbox (badness 10000) in paragraph at lines 136--136
\TU/lmr/m/n/10.95 (DNp01/03/04/06) down-
 []


Underfull \hbox (badness 10000) in paragraph at lines 137--137
[]|\TU/lmr/m/n/10.95 Escape route reaches
 []


Underfull \hbox (badness 10000) in paragraph at lines 137--137
\TU/lmr/m/n/10.95 jump/TTM (ter-
 []


Underfull \hbox (badness 10000) in paragraph at lines 137--137
\TU/lmr/m/n/10.95 gotrochanter) muscle in
 []


Underfull \hbox (badness 6412) in paragraph at lines 139--139
[]|\TU/lmr/m/n/10.95 Escape muscle-targets dis-
 []


Overfull \hbox (210.82666pt too wide) in alignment at lines 134--142
 [] [] [] [] [] [] 
 []

[4] [5] (open_questions_report.aux)
Package rerunfilecheck Info: File `open_questions_report.out' has not changed.
(rerunfilecheck)             Checksum: E24F1FC464906B1247CADFBDF8349816;1360.
 )
Output written on open_questions_report.xdv (5 pages, 86368 bytes).
